******************************************************************************
                  TI ARM Linker PC v16.9.4                     
******************************************************************************
>> Linked Thu Apr 19 09:59:48 2018

OUTPUT FILE NAME:   <self_test_ADC.out>
ENTRY POINT SYMBOL: "_c_int00"  address: 00000e6d


MEMORY CONFIGURATION

         name            origin    length      used     unused   attr    fill
----------------------  --------  ---------  --------  --------  ----  --------
  FLASH                 00000000   00040000  00001178  0003ee88  R  X
  SRAM                  20000000   00008000  00000218  00007de8  RW X


SEGMENT ALLOCATION MAP

run origin  load origin   length   init length attrs members
----------  ----------- ---------- ----------- ----- -------
00000000    00000000    0000117c   0000117c    r-x
  00000000    00000000    0000026c   0000026c    r-- .intvecs
  0000026c    0000026c    00000ee8   00000ee8    r-x .text
  00001158    00001158    00000024   00000024    r-- .cinit
20000000    20000000    00000218   00000000    rw-
  20000000    20000000    00000200   00000000    rw- .stack
  20000200    20000200    00000018   00000000    rw- .data


SECTION ALLOCATION MAP

 output                                  attributes/
section   page    origin      length       input sections
--------  ----  ----------  ----------   ----------------
.intvecs   0    00000000    0000026c     
                  00000000    0000026c     tm4c123gh6pm_startup_ccs.obj (.intvecs)

.text      0    0000026c    00000ee8     
                  0000026c    000001dc     main.obj (.text)
                  00000448    000001b6     rtsv7M4_T_le_v4SPD16_eabi.lib : fd_add_t2.obj (.text)
                  000005fe    00000002                                   : mpu_init.obj (.text)
                  00000600    000001b4     Ark_Drivers.obj (.text)
                  000007b4    00000136     rtsv7M4_T_le_v4SPD16_eabi.lib : fd_div_t2.obj (.text)
                  000008ea    00000132     driverlib.lib : gpio.obj (.text:GPIOPadConfigSet)
                  00000a1c    000000fc     rtsv7M4_T_le_v4SPD16_eabi.lib : fd_mul_t2.obj (.text)
                  00000b18    000000f4     driverlib.lib : sysctl.obj (.text:SysCtlClockSet)
                  00000c0c    0000009c     rtsv7M4_T_le_v4SPD16_eabi.lib : memcpy_t2.obj (.text)
                  00000ca8    0000007a     driverlib.lib : adc.obj (.text:ADCSequenceStepConfigure)
                  00000d22    00000002     rtsv7M4_T_le_v4SPD16_eabi.lib : startup.obj (.text)
                  00000d24    00000070                                   : autoinit.obj (.text)
                  00000d94    0000006e                                   : fd_tos_t2.obj (.text)
                  00000e02    00000068                                   : copy_decompress_lzss.obj (.text:decompress:lzss)
                  00000e6a    00000002     --HOLE-- [fill = 0]
                  00000e6c    00000054                                   : boot.obj (.text)
                  00000ec0    00000054                                   : exit.obj (.text)
                  00000f14    00000050     driverlib.lib : adc.obj (.text:ADCSequenceConfigure)
                  00000f64    0000004c     rtsv7M4_T_le_v4SPD16_eabi.lib : cpy_tbl.obj (.text)
                  00000fb0    00000038                                   : fs_tod_t2.obj (.text)
                  00000fe8    00000034     driverlib.lib : sysctl.obj (.text:SysCtlPeripheralEnable)
                  0000101c    0000002e                   : adc.obj (.text:ADCIntStatus)
                  0000104a    0000002a                   : gpio.obj (.text:GPIODirModeSet)
                  00001074    00000020     rtsv7M4_T_le_v4SPD16_eabi.lib : u_tofd_t2.obj (.text)
                  00001094    0000001e     driverlib.lib : adc.obj (.text:ADCSequenceDataGet)
                  000010b2    00000018                   : adc.obj (.text:ADCProcessorTrigger)
                  000010ca    00000002     --HOLE-- [fill = 0]
                  000010cc    00000018     rtsv7M4_T_le_v4SPD16_eabi.lib : args_main.obj (.text)
                  000010e4    00000014                                   : _lock.obj (.text)
                  000010f8    00000012     driverlib.lib : gpio.obj (.text:GPIOPinTypeADC)
                  0000110a    0000000e                   : adc.obj (.text:ADCHardwareOversampleConfigure)
                  00001118    0000000e                   : adc.obj (.text:ADCSequenceEnable)
                  00001126    0000000e     rtsv7M4_T_le_v4SPD16_eabi.lib : copy_decompress_none.obj (.text:decompress:none)
                  00001134    0000000c     tm4c123gh6pm_startup_ccs.obj (.text)
                  00001140    0000000a     driverlib.lib : adc.obj (.text:ADCIntClear)
                  0000114a    00000006                   : sysctl.obj (.text:SysCtlDelay)
                  00001150    00000004     rtsv7M4_T_le_v4SPD16_eabi.lib : pre_init.obj (.text)

.cinit     0    00001158    00000024     
                  00001158    00000011     (.cinit..data.load) [load image, compression = lzss]
                  00001169    00000003     --HOLE-- [fill = 0]
                  0000116c    00000008     (__TI_handler_table)
                  00001174    00000008     (__TI_cinit_table)

.init_array 
*          0    00000000    00000000     UNINITIALIZED

.stack     0    20000000    00000200     UNINITIALIZED
                  20000000    00000200     --HOLE--

.data      0    20000200    00000018     UNINITIALIZED
                  20000200    0000000c     rtsv7M4_T_le_v4SPD16_eabi.lib : exit.obj (.data:$O1$$)
                  2000020c    00000008                                   : _lock.obj (.data:$O1$$)
                  20000214    00000004                                   : stkdepth_vars.obj (.data)

MODULE SUMMARY

       Module                         code   ro data   rw data
       ------                         ----   -------   -------
    .\
       tm4c123gh6pm_startup_ccs.obj   12     620       0      
       main.obj                       476    0         0      
       Ark_Drivers.obj                436    0         0      
    +--+------------------------------+------+---------+---------+
       Total:                         924    620       0      
                                                              
    C:/ti/TivaWare_C_Series-2.1.4.178/driverlib/ccs/Debug/driverlib.lib
       gpio.obj                       366    0         0      
       adc.obj                        340    0         0      
       sysctl.obj                     302    0         0      
    +--+------------------------------+------+---------+---------+
       Total:                         1008   0         0      
                                                              
    C:\ti\ccsv7\tools\compiler\ti-cgt-arm_16.9.4.LTS\lib\rtsv7M4_T_le_v4SPD16_eabi.lib
       fd_add_t2.obj                  438    0         0      
       fd_div_t2.obj                  310    0         0      
       fd_mul_t2.obj                  252    0         0      
       memcpy_t2.obj                  156    0         0      
       autoinit.obj                   112    0         0      
       fd_tos_t2.obj                  110    0         0      
       copy_decompress_lzss.obj       104    0         0      
       exit.obj                       84     0         12     
       boot.obj                       84     0         0      
       cpy_tbl.obj                    76     0         0      
       fs_tod_t2.obj                  56     0         0      
       u_tofd_t2.obj                  32     0         0      
       _lock.obj                      20     0         8      
       args_main.obj                  24     0         0      
       copy_decompress_none.obj       14     0         0      
       pre_init.obj                   4      0         0      
       stkdepth_vars.obj              0      0         4      
       mpu_init.obj                   2      0         0      
       startup.obj                    2      0         0      
    +--+------------------------------+------+---------+---------+
       Total:                         1880   0         24     
                                                              
       Stack:                         0      0         512    
       Linker Generated:              0      33        0      
    +--+------------------------------+------+---------+---------+
       Grand Total:                   3812   653       536    


LINKER GENERATED COPY TABLES

__TI_cinit_table @ 00001174 records: 1, size/record: 8, table size: 8
	.data: load addr=00001158, load size=00000011 bytes, run addr=20000200, run size=00000018 bytes, compression=lzss


LINKER GENERATED HANDLER TABLE

__TI_handler_table @ 0000116c records: 2, size/record: 4, table size: 8
	index: 0, handler: __TI_decompress_lzss
	index: 1, handler: __TI_decompress_none


GLOBAL SYMBOLS: SORTED ALPHABETICALLY BY Name 

address   name                           
-------   ----                           
0000110b  ADCHardwareOversampleConfigure 
00001141  ADCIntClear                    
0000101d  ADCIntStatus                   
000010b3  ADCProcessorTrigger            
00000f15  ADCSequenceConfigure           
00001095  ADCSequenceDataGet             
00001119  ADCSequenceEnable              
00000ca9  ADCSequenceStepConfigure       
00000ec1  C$$EXIT                        
0000104b  GPIODirModeSet                 
000008eb  GPIOPadConfigSet               
000010f9  GPIOPinTypeADC                 
0000063d  InitADC                        
00000631  InitGPIO                       
0000060b  InitGPIOClock                  
00000615  InitGPIO_Inputs                
0000078b  InitHardware                   
00000601  InitSystemClock                
00001135  ResetISR                       
UNDEFED   SHT$$INIT_ARRAY$$Base          
UNDEFED   SHT$$INIT_ARRAY$$Limit         
00000b19  SysCtlClockSet                 
0000114b  SysCtlDelay                    
00000fe9  SysCtlPeripheralEnable         
20000200  __STACK_END                    
00000200  __STACK_SIZE                   
20000200  __STACK_TOP                    
00001174  __TI_CINIT_Base                
0000117c  __TI_CINIT_Limit               
0000116c  __TI_Handler_Table_Base        
00001174  __TI_Handler_Table_Limit       
00000d25  __TI_auto_init                 
20000200  __TI_cleanup_ptr               
00000e03  __TI_decompress_lzss           
00001127  __TI_decompress_none           
20000204  __TI_dtors_ptr                 
20000208  __TI_enable_exit_profile_output
ffffffff  __TI_pprof_out_hndl            
ffffffff  __TI_prof_data_size            
ffffffff  __TI_prof_data_start           
00000000  __TI_static_base__             
00000d95  __aeabi_d2f                    
00000453  __aeabi_dadd                   
000007b5  __aeabi_ddiv                   
00000a1d  __aeabi_dmul                   
00000449  __aeabi_dsub                   
00000fb1  __aeabi_f2d                    
00000c0d  __aeabi_memcpy                 
00000c0d  __aeabi_memcpy4                
00000c0d  __aeabi_memcpy8                
00001075  __aeabi_ui2d                   
ffffffff  __binit__                      
ffffffff  __c_args__                     
000005ff  __mpu_init                     
20000000  __stack                        
000010cd  _args_main                     
00000e6d  _c_int00                       
2000020c  _lock                          
000010f3  _nop                           
000010eb  _register_lock                 
000010e5  _register_unlock               
00000d23  _system_post_cinit             
00001151  _system_pre_init               
20000210  _unlock                        
00000ec5  abort                          
ffffffff  binit                          
00000f65  copy_in                        
00000ecd  exit                           
00000000  g_pfnVectors                   
0000029f  main                           
20000214  main_func_sp                   
00000c0d  memcpy                         
00000687  new_sqrt                       
0000026d  rms_calculator                 


GLOBAL SYMBOLS: SORTED BY Symbol Address 

address   name                           
-------   ----                           
00000000  __TI_static_base__             
00000000  g_pfnVectors                   
00000200  __STACK_SIZE                   
0000026d  rms_calculator                 
0000029f  main                           
00000449  __aeabi_dsub                   
00000453  __aeabi_dadd                   
000005ff  __mpu_init                     
00000601  InitSystemClock                
0000060b  InitGPIOClock                  
00000615  InitGPIO_Inputs                
00000631  InitGPIO                       
0000063d  InitADC                        
00000687  new_sqrt                       
0000078b  InitHardware                   
000007b5  __aeabi_ddiv                   
000008eb  GPIOPadConfigSet               
00000a1d  __aeabi_dmul                   
00000b19  SysCtlClockSet                 
00000c0d  __aeabi_memcpy                 
00000c0d  __aeabi_memcpy4                
00000c0d  __aeabi_memcpy8                
00000c0d  memcpy                         
00000ca9  ADCSequenceStepConfigure       
00000d23  _system_post_cinit             
00000d25  __TI_auto_init                 
00000d95  __aeabi_d2f                    
00000e03  __TI_decompress_lzss           
00000e6d  _c_int00                       
00000ec1  C$$EXIT                        
00000ec5  abort                          
00000ecd  exit                           
00000f15  ADCSequenceConfigure           
00000f65  copy_in                        
00000fb1  __aeabi_f2d                    
00000fe9  SysCtlPeripheralEnable         
0000101d  ADCIntStatus                   
0000104b  GPIODirModeSet                 
00001075  __aeabi_ui2d                   
00001095  ADCSequenceDataGet             
000010b3  ADCProcessorTrigger            
000010cd  _args_main                     
000010e5  _register_unlock               
000010eb  _register_lock                 
000010f3  _nop                           
000010f9  GPIOPinTypeADC                 
0000110b  ADCHardwareOversampleConfigure 
00001119  ADCSequenceEnable              
00001127  __TI_decompress_none           
00001135  ResetISR                       
00001141  ADCIntClear                    
0000114b  SysCtlDelay                    
00001151  _system_pre_init               
0000116c  __TI_Handler_Table_Base        
00001174  __TI_CINIT_Base                
00001174  __TI_Handler_Table_Limit       
0000117c  __TI_CINIT_Limit               
20000000  __stack                        
20000200  __STACK_END                    
20000200  __STACK_TOP                    
20000200  __TI_cleanup_ptr               
20000204  __TI_dtors_ptr                 
20000208  __TI_enable_exit_profile_output
2000020c  _lock                          
20000210  _unlock                        
20000214  main_func_sp                   
ffffffff  __TI_pprof_out_hndl            
ffffffff  __TI_prof_data_size            
ffffffff  __TI_prof_data_start           
ffffffff  __binit__                      
ffffffff  __c_args__                     
ffffffff  binit                          
UNDEFED   SHT$$INIT_ARRAY$$Base          
UNDEFED   SHT$$INIT_ARRAY$$Limit         

[74 symbols]
