******************************************************************************
                  TI ARM Linker PC v16.9.4                     
******************************************************************************
>> Linked Tue Dec 19 18:20:22 2017

OUTPUT FILE NAME:   <learn2-interrupt.out>
ENTRY POINT SYMBOL: "_c_int00"  address: 0000087d


MEMORY CONFIGURATION

         name            origin    length      used     unused   attr    fill
----------------------  --------  ---------  --------  --------  ----  --------
  FLASH                 00000000   00040000  00000b8c  0003f474  R  X
  SRAM                  20000000   00008000  00000218  00007de8  RW X


SEGMENT ALLOCATION MAP

run origin  load origin   length   init length attrs members
----------  ----------- ---------- ----------- ----- -------
00000000    00000000    00000b8c   00000b8c    r-x
  00000000    00000000    0000026c   0000026c    r-- .intvecs
  0000026c    0000026c    00000820   00000820    r-x .text
  00000a8c    00000a8c    000000dc   000000dc    r-- .const
  00000b68    00000b68    00000024   00000024    r-- .cinit
20000000    20000000    00000218   00000000    rw-
  20000000    20000000    00000200   00000000    rw- .stack
  20000200    20000200    00000018   00000000    rw- .data


SECTION ALLOCATION MAP

 output                                  attributes/
section   page    origin      length       input sections
--------  ----  ----------  ----------   ----------------
.intvecs   0    00000000    0000026c     
                  00000000    0000026c     tm4c123gh6pm_startup_ccs.obj (.intvecs)

.text      0    0000026c    00000820     
                  0000026c    00000132     driverlib.lib : gpio.obj (.text:GPIOPadConfigSet)
                  0000039e    00000002     rtsv7M4_T_le_v4SPD16_eabi.lib : mpu_init.obj (.text)
                  000003a0    00000110     driverlib.lib : sysctl.obj (.text:SysCtlClockGet)
                  000004b0    000000f4                   : sysctl.obj (.text:SysCtlClockSet)
                  000005a4    0000009c     main.obj (.text)
                  00000640    0000009c     rtsv7M4_T_le_v4SPD16_eabi.lib : memcpy_t2.obj (.text)
                  000006dc    00000070                                   : autoinit.obj (.text)
                  0000074c    00000068     driverlib.lib : interrupt.obj (.text:IntEnable)
                  000007b4    00000068     rtsv7M4_T_le_v4SPD16_eabi.lib : copy_decompress_lzss.obj (.text:decompress:lzss)
                  0000081c    00000060     driverlib.lib : timer.obj (.text:TimerConfigure)
                  0000087c    00000054     rtsv7M4_T_le_v4SPD16_eabi.lib : boot.obj (.text)
                  000008d0    00000054                                   : exit.obj (.text)
                  00000924    0000004c                                   : cpy_tbl.obj (.text)
                  00000970    00000034     driverlib.lib : sysctl.obj (.text:SysCtlPeripheralEnable)
                  000009a4    0000002a                   : gpio.obj (.text:GPIODirModeSet)
                  000009ce    00000018                   : gpio.obj (.text:GPIOPinTypeGPIOOutput)
                  000009e6    00000002     rtsv7M4_T_le_v4SPD16_eabi.lib : startup.obj (.text)
                  000009e8    00000018                                   : args_main.obj (.text)
                  00000a00    00000014                                   : _lock.obj (.text)
                  00000a14    00000012     driverlib.lib : timer.obj (.text:TimerLoadSet)
                  00000a26    00000010                   : interrupt.obj (.text:IntMasterEnable)
                  00000a36    0000000e                   : timer.obj (.text:TimerEnable)
                  00000a44    0000000e     rtsv7M4_T_le_v4SPD16_eabi.lib : copy_decompress_none.obj (.text:decompress:none)
                  00000a52    0000000c     driverlib.lib : cpu.obj (.text:CPUcpsie)
                  00000a5e    0000000c     tm4c123gh6pm_startup_ccs.obj (.text)
                  00000a6a    00000008     driverlib.lib : timer.obj (.text:TimerIntEnable)
                  00000a72    00000006                   : gpio.obj (.text:GPIOPinRead)
                  00000a78    00000006                   : gpio.obj (.text:GPIOPinWrite)
                  00000a7e    00000006                   : sysctl.obj (.text:SysCtlDelay)
                  00000a84    00000004                   : timer.obj (.text:TimerIntClear)
                  00000a88    00000004     rtsv7M4_T_le_v4SPD16_eabi.lib : pre_init.obj (.text)

.const     0    00000a8c    000000dc     
                  00000a8c    00000070     driverlib.lib : interrupt.obj (.const)
                  00000afc    0000006c                   : sysctl.obj (.const:g_pui32Xtals)

.cinit     0    00000b68    00000024     
                  00000b68    00000011     (.cinit..data.load) [load image, compression = lzss]
                  00000b79    00000003     --HOLE-- [fill = 0]
                  00000b7c    00000008     (__TI_handler_table)
                  00000b84    00000008     (__TI_cinit_table)

.init_array 
*          0    00000000    00000000     UNINITIALIZED

.stack     0    20000000    00000200     UNINITIALIZED
                  20000000    00000200     --HOLE--

.data      0    20000200    00000018     UNINITIALIZED
                  20000200    0000000c     rtsv7M4_T_le_v4SPD16_eabi.lib : exit.obj (.data:$O1$$)
                  2000020c    00000008                                   : _lock.obj (.data:$O1$$)
                  20000214    00000004                                   : stkdepth_vars.obj (.data)

MODULE SUMMARY

       Module                         code   ro data   rw data
       ------                         ----   -------   -------
    .\
       tm4c123gh6pm_startup_ccs.obj   12     620       0      
       main.obj                       156    0         0      
    +--+------------------------------+------+---------+---------+
       Total:                         168    620       0      
                                                              
    C:/ti/TivaWare_C_Series-2.1.4.178/driverlib/ccs/Debug/driverlib.lib
       sysctl.obj                     574    108       0      
       gpio.obj                       384    0         0      
       interrupt.obj                  120    112       0      
       timer.obj                      140    0         0      
       cpu.obj                        12     0         0      
    +--+------------------------------+------+---------+---------+
       Total:                         1230   220       0      
                                                              
    C:\ti\ccsv7\tools\compiler\ti-cgt-arm_16.9.4.LTS\lib\rtsv7M4_T_le_v4SPD16_eabi.lib
       memcpy_t2.obj                  156    0         0      
       autoinit.obj                   112    0         0      
       copy_decompress_lzss.obj       104    0         0      
       exit.obj                       84     0         12     
       boot.obj                       84     0         0      
       cpy_tbl.obj                    76     0         0      
       _lock.obj                      20     0         8      
       args_main.obj                  24     0         0      
       copy_decompress_none.obj       14     0         0      
       pre_init.obj                   4      0         0      
       stkdepth_vars.obj              0      0         4      
       mpu_init.obj                   2      0         0      
       startup.obj                    2      0         0      
    +--+------------------------------+------+---------+---------+
       Total:                         682    0         24     
                                                              
       Stack:                         0      0         512    
       Linker Generated:              0      33        0      
    +--+------------------------------+------+---------+---------+
       Grand Total:                   2080   873       536    


LINKER GENERATED COPY TABLES

__TI_cinit_table @ 00000b84 records: 1, size/record: 8, table size: 8
	.data: load addr=00000b68, load size=00000011 bytes, run addr=20000200, run size=00000018 bytes, compression=lzss


LINKER GENERATED HANDLER TABLE

__TI_handler_table @ 00000b7c records: 2, size/record: 4, table size: 8
	index: 0, handler: __TI_decompress_lzss
	index: 1, handler: __TI_decompress_none


GLOBAL SYMBOLS: SORTED ALPHABETICALLY BY Name 

address   name                           
-------   ----                           
000008d1  C$$EXIT                        
00000a53  CPUcpsie                       
000009a5  GPIODirModeSet                 
0000026d  GPIOPadConfigSet               
00000a73  GPIOPinRead                    
000009cf  GPIOPinTypeGPIOOutput          
00000a79  GPIOPinWrite                   
0000074d  IntEnable                      
00000a27  IntMasterEnable                
00000a5f  ResetISR                       
UNDEFED   SHT$$INIT_ARRAY$$Base          
UNDEFED   SHT$$INIT_ARRAY$$Limit         
000003a1  SysCtlClockGet                 
000004b1  SysCtlClockSet                 
00000a7f  SysCtlDelay                    
00000971  SysCtlPeripheralEnable         
00000601  Timer0IntHandler               
0000081d  TimerConfigure                 
00000a37  TimerEnable                    
00000a85  TimerIntClear                  
00000a6b  TimerIntEnable                 
00000a15  TimerLoadSet                   
20000200  __STACK_END                    
00000200  __STACK_SIZE                   
20000200  __STACK_TOP                    
00000b84  __TI_CINIT_Base                
00000b8c  __TI_CINIT_Limit               
00000b7c  __TI_Handler_Table_Base        
00000b84  __TI_Handler_Table_Limit       
000006dd  __TI_auto_init                 
20000200  __TI_cleanup_ptr               
000007b5  __TI_decompress_lzss           
00000a45  __TI_decompress_none           
20000204  __TI_dtors_ptr                 
20000208  __TI_enable_exit_profile_output
ffffffff  __TI_pprof_out_hndl            
ffffffff  __TI_prof_data_size            
ffffffff  __TI_prof_data_start           
00000000  __TI_static_base__             
00000641  __aeabi_memcpy                 
00000641  __aeabi_memcpy4                
00000641  __aeabi_memcpy8                
ffffffff  __binit__                      
ffffffff  __c_args__                     
0000039f  __mpu_init                     
20000000  __stack                        
000009e9  _args_main                     
0000087d  _c_int00                       
2000020c  _lock                          
00000a0f  _nop                           
00000a07  _register_lock                 
00000a01  _register_unlock               
000009e7  _system_post_cinit             
00000a89  _system_pre_init               
20000210  _unlock                        
000008d5  abort                          
ffffffff  binit                          
00000925  copy_in                        
000008dd  exit                           
00000000  g_pfnVectors                   
000005a5  main                           
20000214  main_func_sp                   
00000641  memcpy                         


GLOBAL SYMBOLS: SORTED BY Symbol Address 

address   name                           
-------   ----                           
00000000  __TI_static_base__             
00000000  g_pfnVectors                   
00000200  __STACK_SIZE                   
0000026d  GPIOPadConfigSet               
0000039f  __mpu_init                     
000003a1  SysCtlClockGet                 
000004b1  SysCtlClockSet                 
000005a5  main                           
00000601  Timer0IntHandler               
00000641  __aeabi_memcpy                 
00000641  __aeabi_memcpy4                
00000641  __aeabi_memcpy8                
00000641  memcpy                         
000006dd  __TI_auto_init                 
0000074d  IntEnable                      
000007b5  __TI_decompress_lzss           
0000081d  TimerConfigure                 
0000087d  _c_int00                       
000008d1  C$$EXIT                        
000008d5  abort                          
000008dd  exit                           
00000925  copy_in                        
00000971  SysCtlPeripheralEnable         
000009a5  GPIODirModeSet                 
000009cf  GPIOPinTypeGPIOOutput          
000009e7  _system_post_cinit             
000009e9  _args_main                     
00000a01  _register_unlock               
00000a07  _register_lock                 
00000a0f  _nop                           
00000a15  TimerLoadSet                   
00000a27  IntMasterEnable                
00000a37  TimerEnable                    
00000a45  __TI_decompress_none           
00000a53  CPUcpsie                       
00000a5f  ResetISR                       
00000a6b  TimerIntEnable                 
00000a73  GPIOPinRead                    
00000a79  GPIOPinWrite                   
00000a7f  SysCtlDelay                    
00000a85  TimerIntClear                  
00000a89  _system_pre_init               
00000b7c  __TI_Handler_Table_Base        
00000b84  __TI_CINIT_Base                
00000b84  __TI_Handler_Table_Limit       
00000b8c  __TI_CINIT_Limit               
20000000  __stack                        
20000200  __STACK_END                    
20000200  __STACK_TOP                    
20000200  __TI_cleanup_ptr               
20000204  __TI_dtors_ptr                 
20000208  __TI_enable_exit_profile_output
2000020c  _lock                          
20000210  _unlock                        
20000214  main_func_sp                   
ffffffff  __TI_pprof_out_hndl            
ffffffff  __TI_prof_data_size            
ffffffff  __TI_prof_data_start           
ffffffff  __binit__                      
ffffffff  __c_args__                     
ffffffff  binit                          
UNDEFED   SHT$$INIT_ARRAY$$Base          
UNDEFED   SHT$$INIT_ARRAY$$Limit         

[63 symbols]
